Microchip MPLAB XC8 Compiler V2.46

Linker command line:

-W-3 \
  --edf=C:\Program Files\Microchip\xc8\v2.46\pic\dat\20240104201356_en.msgs \
  -cn -h+dist/default/production\PROJECT_FILE.X.production.sym \
  --cmf=dist/default/production\PROJECT_FILE.X.production.cmf -z -Q18F4580 \
  -oC:\Users\Asus\AppData\Local\Temp\xcBs7k.1\driver_tmp_3.o \
  --defsym=__MPLAB_BUILD=1 --fixupoverflow=error \
  -Mdist/default/production/PROJECT_FILE.X.production.map \
  --md=C:\Users\Asus\AppData\Local\Temp\xcBs7k.1\driver_tmp_0.dat -E1 \
  -ver=XC8 Compiler --acfsm=1493 -ACODE=00h-03000h -ACONST=00h-03000h \
  -ASMALLCONST=0600h-06FFhx42,03000h-03000h -AMEDIUMCONST=0600h-03000h \
  -ACOMRAM=01h-05Fh -AABS1=00h-05FFh -ABIGRAM=01h-05FFh \
  -ARAM=060h-0FFh,0100h-01FFhx5 -ABANK0=060h-0FFh -ABANK1=0100h-01FFh \
  -ABANK2=0200h-02FFh -ABANK3=0300h-03FFh -ABANK4=0400h-04FFh \
  -ABANK5=0500h-05FFh -ASFR=0D00h-0DFFhx2,0F00h-0F5Fh,0F60h-0FFFh \
  -ABIGSFR=0D00h-0FFFh -ACONFIG=0300000h-030000Dh -AIDLOC=0200000h-0200007h \
  -AEEDATA=0F00000h-0F000FFh -peeprom_data=EEDATA \
  -preset_vec=00h,intcode=8h,intcodelo,powerup,init -pramtop=0600h \
  -psmallconst=SMALLCONST -pmediumconst=MEDIUMCONST -pconst=CONST \
  -AFARRAM=00h-00h \
  -prdata=COMRAM,nvrram=COMRAM,nvbit=COMRAM,rbss=COMRAM,rbit=COMRAM \
  -pfarbss=FARRAM,fardata=FARRAM,nvFARRAM=FARRAM \
  -pintsave_regs=BIGRAM,bigbss=BIGRAM,bigdata=BIGRAM -pbss=RAM \
  -pidata=CODE,irdata=CODE,ibigdata=CODE,ifardata=CODE -prparam=COMRAM \
  C:\Users\Asus\AppData\Local\Temp\xcBs7k.1\driver_tmp_9.o \
  dist/default/production\PROJECT_FILE.X.production.o 

Object code version is 3.11

Machine type is 18F4580



                Name                               Link     Load   Length Selector   Space Scale
C:\Users\Asus\AppData\Local\Temp\xcBs7k.1\driver_tmp_9.o
                idloc                            200000   200000        8        0       5
                config                           300000   300000        E        0       4
                init                                  E        E        4        4       0
                reset_vec                             0        0        4        0       0
dist/default/production\PROJECT_FILE.X.production.o
                intcode                               8        8        6        4       0
                idloc                            200000   200000        8        0       5
                config                           300000   300000        E        0       4
                temp                                 5F       5F        1        1       1
                mediumconst                        2ED2     2ED2      12E     1769       0
                intcode_body                       2548     2548       52        4       0
                text45                             22E8     22E8       74        4       0
                text44                             23C8     23C8       64        4       0
                text43                             26C6     26C6       3A        4       0
                text42                             235C     235C       6C        4       0
                text41                             27CC     27CC       18     13CA       0
                text40                             24EA     24EA       5E        4       0
                text39                              C02      C02      34E        4       0
                text38                             2834     2834       12     13CA       0
                text37                             2876     2876        8     13CA       0
                text36                             286E     286E        8     13CA       0
                text35                             2852     2852        C     13CA       0
                text34                             25EA     25EA       4E        4       0
                text33                              494      494      3D4        4       0
                text32                             20DC     20DC       8E        4       0
                text31                              868      868      39A        4       0
                text30                             1E9E     1E9E      106        4       0
                text29                             1A96     1A96      1B4        4       0
                text28                             1C4A     1C4A      14C        4       0
                text27                             287E     287E        6     13CA       0
                text26                             2866     2866        8     13CA       0
                text25                             2846     2846        C     13CA       0
                text24                             285E     285E        8     13CA       0
                text23                             272A     272A       2A        4       0
                text22                             216A     216A       86        4       0
                text21                             2680     2680       46        4       0
                text20                             16C4     16C4      20A        4       0
                text19                             204C     204C       90        4       0
                text18                             18CE     18CE      1C8        4       0
                text17                             2822     2822       12     13CA       0
                text16                             27FA     27FA       16     13CA       0
                text15                             248C     248C       5E        4       0
                text14                             2700     2700       2A        4       0
                text13                             1228     1228      26A        4       0
                text12                             2754     2754       20        4       0
                text11                             1FA4     1FA4       A8        4       0
                text10                             2794     2794       1E     13CA       0
                text9                              2638     2638       48        4       0
                text8                              27E4     27E4       16     13CA       0
                text7                              2810     2810       12     13CA       0
                text6                              27B2     27B2       1A     13CA       0
                text5                              242C     242C       60        4       0
                text4                              1D96     1D96      108        4       0
                text3                              226E     226E       7A        4       0
                text2                                12       12      482        4       0
                text1                              1492     1492      232        4       0
                text0                               F50      F50      2D8        4       0
                cstackCOMRAM                          1        1       3D        1       1
                dataBANK1                           100      100       50      100       1
                dataBANK0                            A8       A8       1F       60       1
                bssBANK0                             60       60       48       60       1
                dataCOMRAM                           5D       5D        2        1       1
                bssCOMRAM                            3E       3E       1F        1       1
                cinit                              21F0     21F0       7E        4       0
                idataBANK1                         259A     259A       50        4       0
                idataBANK0                         2774     2774       1F        4       0
                idataCOMRAM                        2884     2884        2     13CA       0

TOTAL           Name                               Link     Load   Length     Space
        CLASS   CODE           
                intcode                               8        8        6         0
                init                                  E        E        4         0
                reset_vec                             0        0        4         0
                intcode_body                       2548     2548       52         0
                text45                             22E8     22E8       74         0
                text44                             23C8     23C8       64         0
                text43                             26C6     26C6       3A         0
                text42                             235C     235C       6C         0
                text41                             27CC     27CC       18         0
                text40                             24EA     24EA       5E         0
                text39                              C02      C02      34E         0
                text38                             2834     2834       12         0
                text37                             2876     2876        8         0
                text36                             286E     286E        8         0
                text35                             2852     2852        C         0
                text34                             25EA     25EA       4E         0
                text33                              494      494      3D4         0
                text32                             20DC     20DC       8E         0
                text31                              868      868      39A         0
                text30                             1E9E     1E9E      106         0
                text29                             1A96     1A96      1B4         0
                text28                             1C4A     1C4A      14C         0
                text27                             287E     287E        6         0
                text26                             2866     2866        8         0
                text25                             2846     2846        C         0
                text24                             285E     285E        8         0
                text23                             272A     272A       2A         0
                text22                             216A     216A       86         0
                text21                             2680     2680       46         0
                text20                             16C4     16C4      20A         0
                text19                             204C     204C       90         0
                text18                             18CE     18CE      1C8         0
                text17                             2822     2822       12         0
                text16                             27FA     27FA       16         0
                text15                             248C     248C       5E         0
                text14                             2700     2700       2A         0
                text13                             1228     1228      26A         0
                text12                             2754     2754       20         0
                text11                             1FA4     1FA4       A8         0
                text10                             2794     2794       1E         0
                text9                              2638     2638       48         0
                text8                              27E4     27E4       16         0
                text7                              2810     2810       12         0
                text6                              27B2     27B2       1A         0
                text5                              242C     242C       60         0
                text4                              1D96     1D96      108         0
                text3                              226E     226E       7A         0
                text2                                12       12      482         0
                text1                              1492     1492      232         0
                text0                               F50      F50      2D8         0
                cinit                              21F0     21F0       7E         0
                idataBANK1                         259A     259A       50         0
                idataBANK0                         2774     2774       1F         0
                idataCOMRAM                        2884     2884        2         0

        CLASS   CONST          

        CLASS   SMALLCONST     

        CLASS   MEDIUMCONST    
                mediumconst                        2ED2     2ED2      12E         0

        CLASS   COMRAM         
                temp                                 5F       5F        1         1
                cstackCOMRAM                          1        1       3D         1
                dataCOMRAM                           5D       5D        2         1
                bssCOMRAM                            3E       3E       1F         1

        CLASS   ABS1           

        CLASS   BIGRAM         

        CLASS   RAM            

        CLASS   BANK0          
                dataBANK0                            A8       A8       1F         1
                bssBANK0                             60       60       48         1

        CLASS   BANK1          
                dataBANK1                           100      100       50         1

        CLASS   BANK2          

        CLASS   BANK3          

        CLASS   BANK4          

        CLASS   BANK5          

        CLASS   SFR            

        CLASS   BIGSFR         

        CLASS   CONFIG         
                config                           300000   300000        E         4

        CLASS   IDLOC          
                idloc                            200000   200000        8         5

        CLASS   EEDATA         

        CLASS   FARRAM         

        CLASS   HEAP           

        CLASS   STACK          



SEGMENTS        Name                           Load    Length   Top    Selector   Space  Class

                reset_vec                      000000  000004  000004         0       0  CODE    
                cstackCOMRAM                   000001  00005F  000060         1       1  COMRAM  
                intcode                        000008  00278B  002793         4       0  CODE    
                bssBANK0                       000060  000067  0000C7        60       1  BANK0   
                dataBANK1                      000100  000050  000150       100       1  BANK1   
                text10                         002794  0000F2  002886      13CA       0  CODE    
                mediumconst                    002ED2  00012E  003000      1769       0  MEDIUMCO


UNUSED ADDRESS RANGES

        Name                Unused          Largest block    Delta
        BANK0            0000C7-0000FF               39
        BANK1            000150-0001FF               B0
        BANK2            000200-0002FF              100
        BANK3            000300-0003FF              100
        BANK4            000400-0004FF              100
        BANK5            000500-0005FF              100
        BIGRAM           0000C7-0000FF               39
                         000150-0005FF              4B0
        BIGSFR           000D00-000FFF              300
        CODE             000004-000007                4
                         002793-002793                1
                         002886-002ED1              64C
                         003000-003000                1
        CONST            000004-000007                4
                         002793-002793                1
                         002886-002ED1              64C
                         003000-003000                1
        EEDATA           F00000-F000FF              100
        MEDIUMCONST      002793-002793                1
                         002886-002ED1              64C
                         003000-003000                1
        RAM              0000C7-0000FF               39
                         000150-0005FF              100
        SFR              000D00-000FFF              100
        SMALLCONST       002793-002793                1
                         002886-002ED1              100
                         003000-003000                1

                                  Symbol Table

?___fldiv                    cstackCOMRAM 000016
?___fltol                    cstackCOMRAM 00002F
?___lwdiv                    cstackCOMRAM 000001
?___lwmod                    cstackCOMRAM 000008
?___xxtofl                   cstackCOMRAM 000008
?_read_adc                   cstackCOMRAM 000001
?_strcmp                     cstackCOMRAM 000001
_ACKDT                       (abs)        007E2D
_ACKEN                       (abs)        007E2C
_ACKSTAT                     (abs)        007E2E
_ACQT0                       (abs)        007E03
_ACQT1                       (abs)        007E04
_ACQT2                       (abs)        007E05
_ADCON0                      (abs)        000FC2
_ADCON1                      (abs)        000FC1
_ADCS0                       (abs)        007E00
_ADCS1                       (abs)        007E01
_ADCS2                       (abs)        007E02
_ADFM                        (abs)        007E07
_ADON                        (abs)        007E10
_ADRESH                      (abs)        000FC4
_ADRESL                      (abs)        000FC3
_BCLIF                       (abs)        007D0B
_BRGH                        (abs)        007D62
_CKE                         (abs)        007E3E
_CREN                        (abs)        007D5C
_EEADR                       (abs)        000FA9
_EECON1bits                  (abs)        000FA6
_EECON2                      (abs)        000FA7
_EEDATA                      (abs)        000FA8
_GIE                         (abs)        007F97
_GO                          (abs)        007E11
_GODONE                      (abs)        007E11
_PEIE                        (abs)        007F96
_PEN                         (abs)        007E2A
_PIR2bits                    (abs)        000FA1
_PORTB                       (abs)        000F81
_PORTBbits                   (abs)        000F81
_PORTD                       (abs)        000F83
_PSA                         (abs)        007EAB
_RBPU                        (abs)        007F8F
_RC0                         (abs)        007C10
_RC1                         (abs)        007C11
_RC2                         (abs)        007C12
_RCEN                        (abs)        007E2B
_RCIE                        (abs)        007CED
_RCIF                        (abs)        007CF5
_RCREG                       (abs)        000FAE
_RD7                         (abs)        007C1F
_RSEN                        (abs)        007E29
_SEN                         (abs)        007E28
_SMP                         (abs)        007E3F
_SPBRG                       (abs)        000FAF
_SPEN                        (abs)        007D5F
_SSPADD                      (abs)        000FC8
_SSPBUF                      (abs)        000FC9
_SSPCON1                     (abs)        000FC6
_SSPIF                       (abs)        007CF3
_T08BIT                      (abs)        007EAE
_T0CS                        (abs)        007EAD
_TMR0                        (abs)        000FD6
_TMR0IE                      (abs)        007F95
_TMR0IF                      (abs)        007F92
_TMR0ON                      (abs)        007EAF
_TRISB                       (abs)        000F93
_TRISC                       (abs)        000F94
_TRISC3                      (abs)        007CA3
_TRISC4                      (abs)        007CA4
_TRISC6                      (abs)        007CA6
_TRISC7                      (abs)        007CA7
_TRISD                       (abs)        000F95
_TRISD7                      (abs)        007CAF
_TXIF                        (abs)        007CF4
_TXREG                       (abs)        000FAD
_VCFG0                       (abs)        007E0C
_VCFG1                       (abs)        007E0D
__HRAM                       (abs)        000000
__H__absolute__              __absolute__ 000000
__Habs1                      abs1         000000
__Hbank0                     bank0        000000
__Hbank1                     bank1        000000
__Hbank2                     bank2        000000
__Hbank3                     bank3        000000
__Hbank4                     bank4        000000
__Hbank5                     bank5        000000
__Hbigbss                    bigbss       000000
__Hbigdata                   bigdata      000000
__Hbigram                    bigram       000000
__Hbigsfr                    bigsfr       000000
__Hbss                       bss          000000
__HbssBANK0                  bssBANK0     000000
__HbssCOMRAM                 bssCOMRAM    000000
__Hcinit                     cinit        000000
__Hclrtext                   clrtext      000000
__Hcomram                    comram       000000
__Hconfig                    config       30000E
__Hconst                     const        000000
__HcstackCOMRAM              cstackCOMRAM 000000
__Hdata                      data         000000
__HdataBANK0                 dataBANK0    000000
__HdataBANK1                 dataBANK1    000000
__HdataCOMRAM                dataCOMRAM   000000
__Heeprom_data               eeprom_data  000000
__Hfarbss                    farbss       000000
__Hfardata                   fardata      000000
__Hheap                      heap         000000
__Hibigdata                  ibigdata     000000
__Hidata                     idata        000000
__HidataBANK0                idataBANK0   000000
__HidataBANK1                idataBANK1   000000
__HidataCOMRAM               idataCOMRAM  000000
__Hidloc                     idloc        200008
__Hifardata                  ifardata     000000
__Hinit                      init         000012
__Hintcode                   intcode      00000E
__Hintcode_body              intcode_body 000000
__Hintcodelo                 intcodelo    00000E
__Hintentry                  intentry     000000
__Hintret                    intret       000000
__Hintsave_regs              intsave_regs 000000
__Hirdata                    irdata       000000
__Hmediumconst               mediumconst  003000
__HnvFARRAM                  nvFARRAM     000000
__Hnvbit                     nvbit        000000
__Hnvrram                    nvrram       000000
__Hparam                     rparam       000000
__Hpowerup                   powerup      00000E
__Hram                       ram          000000
__Hramtop                    ramtop       000600
__Hrbit                      rbit         000000
__Hrbss                      rbss         000000
__Hrdata                     rdata        000000
__Hreset_vec                 reset_vec    000004
__Hrparam                    rparam       000000
__Hsfr                       sfr          000000
__Hsivt_hi                   sivt_hi      000000
__Hsivt_lo                   sivt_lo      000000
__Hsmallconst                smallconst   000000
__Hspace_0                   (abs)        003000
__Hspace_1                   (abs)        000150
__Hspace_2                   (abs)        000000
__Hspace_4                   (abs)        60000E
__Hstack                     stack        000000
__Hstruct                    struct       000000
__Htemp                      temp         000060
__Htext                      text         000000
__Htext0                     text0        000000
__Htext1                     text1        000000
__Htext10                    text10       000000
__Htext11                    text11       000000
__Htext12                    text12       000000
__Htext13                    text13       000000
__Htext14                    text14       000000
__Htext15                    text15       000000
__Htext16                    text16       000000
__Htext17                    text17       000000
__Htext18                    text18       000000
__Htext19                    text19       000000
__Htext2                     text2        000000
__Htext20                    text20       000000
__Htext21                    text21       000000
__Htext22                    text22       000000
__Htext23                    text23       000000
__Htext24                    text24       000000
__Htext25                    text25       000000
__Htext26                    text26       000000
__Htext27                    text27       000000
__Htext28                    text28       000000
__Htext29                    text29       000000
__Htext3                     text3        000000
__Htext30                    text30       000000
__Htext31                    text31       000000
__Htext32                    text32       000000
__Htext33                    text33       000000
__Htext34                    text34       000000
__Htext35                    text35       000000
__Htext36                    text36       000000
__Htext37                    text37       000000
__Htext38                    text38       000000
__Htext39                    text39       000000
__Htext4                     text4        000000
__Htext40                    text40       000000
__Htext41                    text41       000000
__Htext42                    text42       000000
__Htext43                    text43       000000
__Htext44                    text44       000000
__Htext45                    text45       000000
__Htext5                     text5        000000
__Htext6                     text6        000000
__Htext7                     text7        000000
__Htext8                     text8        000000
__Htext9                     text9        000000
__LRAM                       (abs)        000001
__L__absolute__              __absolute__ 000000
__Labs1                      abs1         000000
__Lbank0                     bank0        000000
__Lbank1                     bank1        000000
__Lbank2                     bank2        000000
__Lbank3                     bank3        000000
__Lbank4                     bank4        000000
__Lbank5                     bank5        000000
__Lbigbss                    bigbss       000000
__Lbigdata                   bigdata      000000
__Lbigram                    bigram       000000
__Lbigsfr                    bigsfr       000000
__Lbss                       bss          000000
__LbssBANK0                  bssBANK0     000000
__LbssCOMRAM                 bssCOMRAM    000000
__Lcinit                     cinit        000000
__Lclrtext                   clrtext      000000
__Lcomram                    comram       000000
__Lconfig                    config       000000
__Lconst                     const        000000
__LcstackCOMRAM              cstackCOMRAM 000000
__Ldata                      data         000000
__LdataBANK0                 dataBANK0    000000
__LdataBANK1                 dataBANK1    000000
__LdataCOMRAM                dataCOMRAM   000000
__Leeprom_data               eeprom_data  000000
__Lfarbss                    farbss       000000
__Lfardata                   fardata      000000
__Lheap                      heap         000000
__Libigdata                  ibigdata     000000
__Lidata                     idata        000000
__LidataBANK0                idataBANK0   000000
__LidataBANK1                idataBANK1   000000
__LidataCOMRAM               idataCOMRAM  000000
__Lidloc                     idloc        000000
__Lifardata                  ifardata     000000
__Linit                      init         00000E
__Lintcode                   intcode      000008
__Lintcode_body              intcode_body 000000
__Lintcodelo                 intcodelo    00000E
__Lintentry                  intentry     000000
__Lintret                    intret       000000
__Lintsave_regs              intsave_regs 000000
__Lirdata                    irdata       000000
__Lmediumconst               mediumconst  002ED2
__LnvFARRAM                  nvFARRAM     000000
__Lnvbit                     nvbit        000000
__Lnvrram                    nvrram       000000
__Lparam                     rparam       000000
__Lpowerup                   powerup      00000E
__Lram                       ram          000000
__Lramtop                    ramtop       000600
__Lrbit                      rbit         000000
__Lrbss                      rbss         000000
__Lrdata                     rdata        000000
__Lreset_vec                 reset_vec    000000
__Lrparam                    rparam       000000
__Lsfr                       sfr          000000
__Lsivt_hi                   sivt_hi      000000
__Lsivt_lo                   sivt_lo      000000
__Lsmallconst                smallconst   000000
__Lspace_0                   (abs)        000000
__Lspace_1                   (abs)        000000
__Lspace_2                   (abs)        000000
__Lspace_4                   (abs)        000000
__Lstack                     stack        000000
__Lstruct                    struct       000000
__Ltemp                      temp         00005F
__Ltext                      text         000000
__Ltext0                     text0        000000
__Ltext1                     text1        000000
__Ltext10                    text10       000000
__Ltext11                    text11       000000
__Ltext12                    text12       000000
__Ltext13                    text13       000000
__Ltext14                    text14       000000
__Ltext15                    text15       000000
__Ltext16                    text16       000000
__Ltext17                    text17       000000
__Ltext18                    text18       000000
__Ltext19                    text19       000000
__Ltext2                     text2        000000
__Ltext20                    text20       000000
__Ltext21                    text21       000000
__Ltext22                    text22       000000
__Ltext23                    text23       000000
__Ltext24                    text24       000000
__Ltext25                    text25       000000
__Ltext26                    text26       000000
__Ltext27                    text27       000000
__Ltext28                    text28       000000
__Ltext29                    text29       000000
__Ltext3                     text3        000000
__Ltext30                    text30       000000
__Ltext31                    text31       000000
__Ltext32                    text32       000000
__Ltext33                    text33       000000
__Ltext34                    text34       000000
__Ltext35                    text35       000000
__Ltext36                    text36       000000
__Ltext37                    text37       000000
__Ltext38                    text38       000000
__Ltext39                    text39       000000
__Ltext4                     text4        000000
__Ltext40                    text40       000000
__Ltext41                    text41       000000
__Ltext42                    text42       000000
__Ltext43                    text43       000000
__Ltext44                    text44       000000
__Ltext45                    text45       000000
__Ltext5                     text5        000000
__Ltext6                     text6        000000
__Ltext7                     text7        000000
__Ltext8                     text8        000000
__Ltext9                     text9        000000
__S0                         (abs)        003000
__S1                         (abs)        000150
__S4                         (abs)        000000
__S5                         (abs)        000000
___fldiv                     text31       000868
___fldiv@a                   cstackCOMRAM 00001A
___fldiv@aexp                cstackCOMRAM 00002E
___fldiv@b                   cstackCOMRAM 000016
___fldiv@bexp                cstackCOMRAM 00002D
___fldiv@grs                 cstackCOMRAM 000029
___fldiv@new_exp             cstackCOMRAM 000027
___fldiv@rem                 cstackCOMRAM 000022
___fldiv@sign                cstackCOMRAM 000026
___fltol                     text30       001E9E
___fltol@exp1                cstackCOMRAM 000038
___fltol@f1                  cstackCOMRAM 00002F
___fltol@sign1               cstackCOMRAM 000037
___heap_hi                   (abs)        000000
___heap_lo                   (abs)        000000
___inthi_sp                  stack        000000
___inthi_stack_hi            stack        000000
___inthi_stack_lo            stack        000000
___intlo_sp                  stack        000000
___intlo_stack_hi            stack        000000
___intlo_stack_lo            stack        000000
___lwdiv                     text45       0022E8
___lwdiv@counter             cstackCOMRAM 000007
___lwdiv@dividend            cstackCOMRAM 000001
___lwdiv@divisor             cstackCOMRAM 000003
___lwdiv@quotient            cstackCOMRAM 000005
___lwmod                     text44       0023C8
___lwmod@counter             cstackCOMRAM 00000C
___lwmod@dividend            cstackCOMRAM 000008
___lwmod@divisor             cstackCOMRAM 00000A
___param_bank                (abs)        000000
___rparam_used               (abs)        000001
___sp                        stack        000000
___stack_hi                  stack        000000
___stack_lo                  stack        000000
___xxtofl                    text29       001A96
___xxtofl@arg                cstackCOMRAM 000012
___xxtofl@exp                cstackCOMRAM 000011
___xxtofl@sign               cstackCOMRAM 000010
___xxtofl@val                cstackCOMRAM 000008
__accesstop                  (abs)        000060
__activetblptr               (abs)        000002
__end_of___fldiv             text31       000C02
__end_of___fltol             text30       001FA4
__end_of___lwdiv             text45       00235C
__end_of___lwmod             text44       00242C
__end_of___xxtofl            text29       001C4A
__end_of__initialization     cinit        002260
__end_of_authorisation       text39       000F50
__end_of_change_pass         text33       000868
__end_of_clcd_print          text42       0023C8
__end_of_clcd_putch          text41       0027E4
__end_of_clcd_write          text43       002700
__end_of_clear_log           text32       00216A
__end_of_dashboard           text20       0018CE
__end_of_disp_menu           text18       001A96
__end_of_download_log        text13       001492
__end_of_event_capture       text28       001D96
__end_of_get_time            text22       0021F0
__end_of_i2c_idle            text38       002846
__end_of_i2c_no_ack          text27       002884
__end_of_i2c_read            text25       002852
__end_of_i2c_rep_start       text24       002866
__end_of_i2c_rx_mode         text26       00286E
__end_of_i2c_start           text37       00287E
__end_of_i2c_stop            text36       002876
__end_of_i2c_write           text35       00285E
__end_of_init_adc            text12       002774
__end_of_init_clcd           text11       00204C
__end_of_init_config         text5        00248C
__end_of_init_ds1307         text9        002680
__end_of_init_i2c            text8        0027FA
__end_of_init_matrix_keypad  text7        002822
__end_of_init_timer0         text6        0027CC
__end_of_init_uart           text17       002834
__end_of_isr                 intcode_body 00259A
__end_of_main                text0        001228
__end_of_open_option         text19       0020DC
__end_of_putch               text16       002810
__end_of_puts                text15       0024EA
__end_of_read_24c02          text14       00272A
__end_of_read_adc            text21       0026C6
__end_of_read_ds1307         text23       002754
__end_of_read_switches       text3        0022E8
__end_of_scan_key            text4        001E9E
__end_of_set_time            text2        000494
__end_of_strcmp              text40       002548
__end_of_view_log            text1        0016C4
__end_of_write_24c02         text34       002638
__end_of_write_ds1307        text10       0027B2
__initialization             cinit        0021F0
__mediumconst                mediumconst  002ED2
__pbssBANK0                  bssBANK0     000060
__pbssCOMRAM                 bssCOMRAM    00003E
__pcinit                     cinit        0021F0
__pcstackCOMRAM              cstackCOMRAM 000001
__pdataBANK0                 dataBANK0    0000A8
__pdataBANK1                 dataBANK1    000100
__pdataCOMRAM                dataCOMRAM   00005D
__pidataBANK0                idataBANK0   002774
__pidataBANK1                idataBANK1   00259A
__pidataCOMRAM               idataCOMRAM  002884
__pintcode                   intcode      000008
__pintcode_body              intcode_body 002548
__pmediumconst               mediumconst  002ED2
__ptext0                     text0        000F50
__ptext1                     text1        001492
__ptext10                    text10       002794
__ptext11                    text11       001FA4
__ptext12                    text12       002754
__ptext13                    text13       001228
__ptext14                    text14       002700
__ptext15                    text15       00248C
__ptext16                    text16       0027FA
__ptext17                    text17       002822
__ptext18                    text18       0018CE
__ptext19                    text19       00204C
__ptext2                     text2        000012
__ptext20                    text20       0016C4
__ptext21                    text21       002680
__ptext22                    text22       00216A
__ptext23                    text23       00272A
__ptext24                    text24       00285E
__ptext25                    text25       002846
__ptext26                    text26       002866
__ptext27                    text27       00287E
__ptext28                    text28       001C4A
__ptext29                    text29       001A96
__ptext3                     text3        00226E
__ptext30                    text30       001E9E
__ptext31                    text31       000868
__ptext32                    text32       0020DC
__ptext33                    text33       000494
__ptext34                    text34       0025EA
__ptext35                    text35       002852
__ptext36                    text36       00286E
__ptext37                    text37       002876
__ptext38                    text38       002834
__ptext39                    text39       000C02
__ptext4                     text4        001D96
__ptext40                    text40       0024EA
__ptext41                    text41       0027CC
__ptext42                    text42       00235C
__ptext43                    text43       0026C6
__ptext44                    text44       0023C8
__ptext45                    text45       0022E8
__ptext5                     text5        00242C
__ptext6                     text6        0027B2
__ptext7                     text7        002810
__ptext8                     text8        0027E4
__ptext9                     text9        002638
__ramtop                     ramtop       000600
__smallconst                 smallconst   000000
_add                         bssCOMRAM    000056
_addr                        bssCOMRAM    00005B
_address                     bssBANK0     00008F
_attempt                     dataBANK0    0000AC
_authorisation               text39       000C02
_change_pass                 text33       000494
_clcd_print                  text42       00235C
_clcd_putch                  text41       0027CC
_clcd_write                  text43       0026C6
_clear_log                   text32       0020DC
_clock_reg                   bssBANK0     000071
_count                       bssCOMRAM    000059
_count1                      bssCOMRAM    000058
_dashboard                   text20       0016C4
_data                        bssCOMRAM    00005A
_delay                       bssCOMRAM    000042
_delay1                      bssCOMRAM    00003E
_delay2                      bssBANK0     00006D
_delay3                      bssBANK0     000069
_disp_menu                   text18       0018CE
_download_log                text13       001228
_edit_time                   bssBANK0     000060
_event_capture               text28       001C4A
_event_flag                  bssBANK0     00008C
_flag                        dataBANK0    0000AA
_gear                        dataBANK0    0000AF
_get_time                    text22       00216A
_hr                          bssBANK0     00007A
_i                           bssCOMRAM    000052
_i2c_idle                    text38       002834
_i2c_no_ack                  text27       00287E
_i2c_read                    text25       002846
_i2c_rep_start               text24       00285E
_i2c_rx_mode                 text26       002866
_i2c_start                   text37       002876
_i2c_stop                    text36       00286E
_i2c_write                   text35       002852
_init_adc                    text12       002754
_init_clcd                   text11       001FA4
_init_config                 text5        00242C
_init_ds1307                 text9        002638
_init_i2c                    text8        0027E4
_init_matrix_keypad          text7        002810
_init_timer0                 text6        0027B2
_init_uart                   text17       002822
_isr                         intcode      000008
_key                         bssCOMRAM    00005C
_key_flag                    bssBANK0     00008A
_line                        bssBANK0     000082
_line1                       bssBANK0     000080
_line_count                  bssBANK0     00007C
_log_count                   bssCOMRAM    000057
_main                        text0        000F50
_main_count                  bssCOMRAM    00004A
_main_flag                   bssCOMRAM    00004C
_menu                        dataBANK1    000100
_menu_flag                   bssBANK0     000088
_min                         bssBANK0     000078
_no_event                    bssCOMRAM    000048
_open_option                 text19       00204C
_org_pass                    bssBANK0     0000A3
_pass                        bssBANK0     000084
_pass_flag                   bssBANK0     000086
_putch                       text16       0027FA
_puts                        text15       00248C
_re_usr_pass                 bssBANK0     000099
_read_24c02                  text14       002700
_read_adc                    text21       002680
_read_ds1307                 text23       00272A
_read_switches               text3        00226E
_scan_key                    text4        001D96
_sec                         dataCOMRAM   00005D
_sec_flag                    bssBANK0     00007E
_secs                        bssBANK0     000076
_set_time                    text2        000012
_speed_val                   bssCOMRAM    000050
_star_flag                   bssCOMRAM    00004E
_strcmp                      text40       0024EA
_t                           bssCOMRAM    000055
_time                        bssBANK0     000090
_time_field                  bssCOMRAM    000046
_tok                         bssBANK0     00008E
_usr_pass                    bssBANK0     00009E
_view_log                    text1        001492
_write_24c02                 text34       0025EA
_write_ds1307                text10       002794
authorisation@i              cstackCOMRAM 000014
authorisation@once           dataBANK0    0000A8
authorisation@usr_pass       cstackCOMRAM 00000F
btemp                        temp         00005F
change_pass@address          cstackCOMRAM 000013
change_pass@i                cstackCOMRAM 000018
change_pass@i_709            cstackCOMRAM 000014
change_pass@i_712            cstackCOMRAM 000016
clcd_print@addr              cstackCOMRAM 000005
clcd_print@data              cstackCOMRAM 000003
clcd_putch@addr              cstackCOMRAM 00000D
clcd_putch@data              cstackCOMRAM 00000E
clcd_write@byte              cstackCOMRAM 000002
clcd_write@control_bit       cstackCOMRAM 000001
clear_log@i                  cstackCOMRAM 000006
clear_log@i_696              cstackCOMRAM 000008
download_log@arr             cstackCOMRAM 000006
download_log@i               cstackCOMRAM 00001B
download_log@i_683           cstackCOMRAM 00001D
download_log@i_686           cstackCOMRAM 00001F
download_log@i_690           cstackCOMRAM 000017
download_log@i_691           cstackCOMRAM 000021
download_log@j               cstackCOMRAM 000023
download_log@k               cstackCOMRAM 000025
end_of_initialization        cinit        002260
event_capture@j              cstackCOMRAM 000013
i2c_write@data               cstackCOMRAM 000001
init_config@i                cstackCOMRAM 000005
init_ds1307@dummy            cstackCOMRAM 000004
int$flags                    temp         00005F
int_func                     intcode_body 002548
intlevel0                    text         000000
intlevel1                    text         000000
intlevel2                    text         000000
intlevel3                    text         000000
isa$std                      (abs)        000001
isa$xinst                    (abs)        000000
isr@count                    bssBANK0     000074
open_option@num              cstackCOMRAM 000003
putch@byte                   cstackCOMRAM 000001
puts@s                       cstackCOMRAM 000002
read_24c02@address           cstackCOMRAM 000002
read_24c02@data              cstackCOMRAM 000003
read_adc@channel             cstackCOMRAM 000007
read_adc@reg_val             cstackCOMRAM 000005
read_ds1307@address          cstackCOMRAM 000002
read_ds1307@data             cstackCOMRAM 000003
read_switches@detection_type cstackCOMRAM 000001
read_switches@key            bssCOMRAM    000054
read_switches@once           dataBANK0    0000AE
set_time@i                   cstackCOMRAM 000010
set_time@i_702               cstackCOMRAM 000012
stackhi                      (abs)        000000
stacklo                      (abs)        000000
start                        init         00000E
start_initialization         cinit        0021F0
strcmp@l                     cstackCOMRAM 000001
strcmp@r                     cstackCOMRAM 000002
ttemp5                       temp         000060
ttemp6                       temp         000063
ttemp7                       temp         000067
view_log@i                   cstackCOMRAM 000011
view_log@j                   cstackCOMRAM 000015
view_log@view_addr           cstackCOMRAM 000013
write_24c02@address          cstackCOMRAM 00000E
write_24c02@data             cstackCOMRAM 00000D
write_24c02@i                cstackCOMRAM 00000F
write_ds1307@address         cstackCOMRAM 000003
write_ds1307@data            cstackCOMRAM 000002
wtemp8                       temp         000060


MODULE INFORMATION

Module		Function		Class		Link	Load	Size
C:\Program Files\Microchip\xc8\v2.46\pic\sources\c99\common\fltol.c
		___fltol       		CODE           	1E9E	0000	262

C:\Program Files\Microchip\xc8\v2.46\pic\sources\c99\common\fltol.c estimated size: 262

matrix_keypad.c
		_init_matrix_keypad		CODE           	2810	0000	18
		_read_switches 		CODE           	226E	0000	122
		_scan_key      		CODE           	1D96	0000	264

matrix_keypad.c estimated size: 404

uart.c
		_putch         		CODE           	27FA	0000	22
		_init_uart     		CODE           	2822	0000	18
		_puts          		CODE           	248C	0000	94

uart.c estimated size: 134

C:\Program Files\Microchip\xc8\v2.46\pic\sources\c99\common\lwdiv.c
		___lwdiv       		CODE           	22E8	0000	116

C:\Program Files\Microchip\xc8\v2.46\pic\sources\c99\common\lwdiv.c estimated size: 116

C:\Program Files\Microchip\xc8\v2.46\pic\sources\c99\common\xxtofl.c
		___xxtofl      		CODE           	1A96	0000	436

C:\Program Files\Microchip\xc8\v2.46\pic\sources\c99\common\xxtofl.c estimated size: 436

i2c.c
		_i2c_start     		CODE           	2876	0000	8
		_i2c_no_ack    		CODE           	287E	0000	6
		_i2c_rep_start 		CODE           	285E	0000	8
		_i2c_idle      		CODE           	2834	0000	18
		_i2c_write     		CODE           	2852	0000	12
		_i2c_stop      		CODE           	286E	0000	8
		_i2c_read      		CODE           	2846	0000	12
		_init_i2c      		CODE           	27E4	0000	22
		_i2c_rx_mode   		CODE           	2866	0000	8

i2c.c estimated size: 102

blackbox.c
		_view_log      		CODE           	1492	0000	562
		_open_option   		CODE           	204C	0000	144
		_authorisation 		CODE           	0C02	0000	846
		_disp_menu     		CODE           	18CE	0000	456
		_event_capture 		CODE           	1C4A	0000	332
		_read_24c02    		CODE           	2700	0000	42
		_get_time      		CODE           	216A	0000	134
		_download_log  		CODE           	1228	0000	618
		_set_time      		CODE           	0012	0000	1154
		_clear_log     		CODE           	20DC	0000	142
		_write_24c02   		CODE           	25EA	0000	78
		_change_pass   		CODE           	0494	0000	980
		_dashboard     		CODE           	16C4	0000	522

blackbox.c estimated size: 6010

C:\Program Files\Microchip\xc8\v2.46\pic\sources\c99\common\strcmp.c
		_strcmp        		CODE           	24EA	0000	94

C:\Program Files\Microchip\xc8\v2.46\pic\sources\c99\common\strcmp.c estimated size: 94

timer0.c
		_init_timer0   		CODE           	27B2	0000	26

timer0.c estimated size: 26

C:\Program Files\Microchip\xc8\v2.46\pic\sources\c99\common\sprcdiv.c
		___fldiv       		CODE           	0868	0000	922

C:\Program Files\Microchip\xc8\v2.46\pic\sources\c99\common\sprcdiv.c estimated size: 922

ds1307.c
		_read_ds1307   		CODE           	272A	0000	42
		_write_ds1307  		CODE           	2794	0000	30
		_init_ds1307   		CODE           	2638	0000	72

ds1307.c estimated size: 144

adc.c
		_init_adc      		CODE           	2754	0000	32
		_read_adc      		CODE           	2680	0000	70

adc.c estimated size: 102

isr.c
		_isr           		CODE           	0008	0000	88

isr.c estimated size: 88

shared
		__initialization		CODE           	21F0	0000	112

shared estimated size: 112

clcd.c
		_clcd_write    		CODE           	26C6	0000	58
		_clcd_print    		CODE           	235C	0000	108
		_clcd_putch    		CODE           	27CC	0000	24
		_init_clcd     		CODE           	1FA4	0000	168

clcd.c estimated size: 358

C:\Program Files\Microchip\xc8\v2.46\pic\sources\c99\common\lwmod.c
		___lwmod       		CODE           	23C8	0000	100

C:\Program Files\Microchip\xc8\v2.46\pic\sources\c99\common\lwmod.c estimated size: 100

main.c
		_main          		CODE           	0F50	0000	728
		_init_config   		CODE           	242C	0000	96

main.c estimated size: 824

